// Jest Snapshot v1, https://goo.gl/fbAQLP

exports[`<Cart/> renders and matches the snapshot 1`] = `
<div>
  <div
    class="sc-bdnylx jMyLIc"
    data-testid="cart"
  >
    <header>
      <button
        class="sc-dlnjPT cEBaNc"
        title="close"
      >
        ×
      </button>
      <h3
        class="sc-gtssRu egxXhP"
      >
        undefined's Cart
      </h3>
      <p>
        You Have 
         Item
        s
         in your cart.
      </p>
    </header>
    <ul />
  </div>
</div>
`;
